{
    "status": 1,
    "methods": [
        {
            "serviceId": "glsfi.euro_business_parcel_shop",
            "carrier": "GLS",
            "serviceName": "GLS ShopDelivery",
            "price": 10.209999999999999,
            "priceVat0": 10.209999999999999,
            "currency": "EUR",
            "pickup": true,
            "deliveryTime": "2 - 2",
            "isPickupLocationMethod": true,
            "isReturnService": false,
            "requiresEmailForRecipient": true,
            "requiresHSTariffCode": true,
            "supportsReturnFreightDoc": false,
            "logo": "https:\/\/apitest.shipit.ax\/images\/carrier-logos\/gls_logo.png"
        },
        {
            "serviceId": "glsfi.glsfiebp",
            "carrier": "GLS",
            "serviceName": "GLS EuroBusinessParcel",
            "price": 12.04,
            "priceVat0": 12.04,
            "currency": "EUR",
            "pickup": true,
            "deliveryTime": "2 - 2",
            "isPickupLocationMethod": false,
            "isReturnService": false,
            "requiresEmailForRecipient": false,
            "requiresHSTariffCode": true,
            "supportsReturnFreightDoc": false,
            "logo": "https:\/\/apitest.shipit.ax\/images\/carrier-logos\/gls_logo.png"
        },
        {
            "serviceId": "mh.mh95",
            "carrier": "Matkahuolto",
            "serviceName": "Matkahuolto - Ulkomaan L\u00e4hell\u00e4-paketti",
            "price": 9.169999999999998,
            "priceVat0": 9.169999999999998,
            "currency": "EUR",
            "pickup": false,
            "deliveryTime": "2\u20137",
            "isPickupLocationMethod": true,
            "isReturnService": false,
            "requiresEmailForRecipient": false,
            "requiresHSTariffCode": false,
            "supportsReturnFreightDoc": false,
            "logo": "https:\/\/apitest.shipit.ax\/images\/carrier-logos\/Matkahuolto_logo_round_DarkBlue_RGB.png"
        },
        {
            "serviceId": "mh.mh97",
            "carrier": "Matkahuolto",
            "serviceName": "Matkahuolto - Ulkomaan Kotijakelu",
            "price": 20.29,
            "priceVat0": 20.29,
            "currency": "EUR",
            "pickup": false,
            "deliveryTime": "2\u20137",
            "isPickupLocationMethod": false,
            "isReturnService": false,
            "requiresEmailForRecipient": false,
            "requiresHSTariffCode": false,
            "supportsReturnFreightDoc": false,
            "logo": "https:\/\/apitest.shipit.ax\/images\/carrier-logos\/Matkahuolto_logo_round_DarkBlue_RGB.png"
        },
        {
            "serviceId": "plscm.p17fi",
            "carrier": "Postnord",
            "serviceName": "PostNord Kotipaketti (MyPackHome)",
            "price": 16.74,
            "priceVat0": 16.74,
            "currency": "EUR",
            "pickup": true,
            "deliveryTime": "2 - 2",
            "isPickupLocationMethod": false,
            "isReturnService": false,
            "requiresEmailForRecipient": false,
            "requiresHSTariffCode": false,
            "supportsReturnFreightDoc": true,
            "logo": "https:\/\/apitest.shipit.ax\/images\/carrier-logos\/postnord_logo.png"
        },
        {
            "serviceId": "plscm.p19_parcel_machine",
            "carrier": "Postnord",
            "serviceName": "Postnord - Automaatti",
            "price": 8.1,
            "priceVat0": 8.1,
            "currency": "EUR",
            "pickup": true,
            "deliveryTime": "2 - 2",
            "isPickupLocationMethod": true,
            "isReturnService": false,
            "requiresEmailForRecipient": false,
            "requiresHSTariffCode": false,
            "supportsReturnFreightDoc": true,
            "logo": "https:\/\/apitest.shipit.ax\/images\/carrier-logos\/postnord-logotype-rgb.jpg"
        },
        {
            "serviceId": "plscm.p19_service_point",
            "carrier": "Postnord",
            "serviceName": "Postnord - Palvelupiste",
            "price": 8.1,
            "priceVat0": 8.1,
            "currency": "EUR",
            "pickup": true,
            "deliveryTime": "2 - 2",
            "isPickupLocationMethod": true,
            "isReturnService": false,
            "requiresEmailForRecipient": false,
            "requiresHSTariffCode": false,
            "supportsReturnFreightDoc": true,
            "logo": "https:\/\/apitest.shipit.ax\/images\/carrier-logos\/postnord-logotype-rgb.jpg"
        },
        {
            "serviceId": "plscm.p19fi",
            "carrier": "Postnord",
            "serviceName": "PostNord MyPack Collect",
            "price": 8.1,
            "priceVat0": 8.1,
            "currency": "EUR",
            "pickup": true,
            "deliveryTime": "2 - 2",
            "isPickupLocationMethod": true,
            "isReturnService": false,
            "requiresEmailForRecipient": false,
            "requiresHSTariffCode": false,
            "supportsReturnFreightDoc": true,
            "logo": "https:\/\/apitest.shipit.ax\/images\/carrier-logos\/postnord-logotype-rgb.jpg"
        },
        {
            "serviceId": "pnl.pnl340",
            "carrier": "Bring",
            "serviceName": "Bring PickUp Parcel",
            "price": 0.2,
            "priceVat0": 0.2,
            "currency": "EUR",
            "pickup": true,
            "deliveryTime": "3",
            "isPickupLocationMethod": true,
            "isReturnService": false,
            "requiresEmailForRecipient": false,
            "requiresHSTariffCode": false,
            "supportsReturnFreightDoc": false,
            "logo": "https:\/\/apitest.shipit.ax\/images\/carrier-logos\/bring-logo.png"
        },
        {
            "serviceId": "pnl.pnl349",
            "carrier": "PNL",
            "serviceName": "Bring - Home Delivery Parcel",
            "price": 0.25,
            "priceVat0": 0.2,
            "currency": "EUR",
            "pickup": true,
            "deliveryTime": "3",
            "isPickupLocationMethod": false,
            "isReturnService": false,
            "requiresEmailForRecipient": false,
            "requiresHSTariffCode": false,
            "supportsReturnFreightDoc": false,
            "logo": "https:\/\/apitest.shipit.ax\/images\/carrier-logos\/bring-logo.png"
        },
        {
            "serviceId": "posti.itpr",
            "carrier": "Posti",
            "serviceName": "Posti Postipaketti (Priority)",
            "price": 16.759999999999998,
            "priceVat0": 16.759999999999998,
            "currency": "EUR",
            "pickup": false,
            "deliveryTime": "4 - 4",
            "isPickupLocationMethod": false,
            "isReturnService": false,
            "requiresEmailForRecipient": false,
            "requiresHSTariffCode": false,
            "supportsReturnFreightDoc": false,
            "logo": "https:\/\/apitest.shipit.ax\/images\/carrier-logos\/1.1%20Posti%20logo%20Posti%20Orange%20rgb.png"
        },
        {
            "serviceId": "posti.po2017",
            "carrier": "Posti",
            "serviceName": "Posti - EMS",
            "price": 30.819999999999997,
            "priceVat0": 30.819999999999997,
            "currency": "EUR",
            "pickup": false,
            "deliveryTime": "2 - 2",
            "isPickupLocationMethod": false,
            "isReturnService": false,
            "requiresEmailForRecipient": false,
            "requiresHSTariffCode": false,
            "supportsReturnFreightDoc": false,
            "logo": "https:\/\/apitest.shipit.ax\/images\/carrier-logos\/1.1%20Posti%20logo%20Posti%20Orange%20rgb.png"
        },
        {
            "serviceId": "posti.po2351",
            "carrier": "Posti",
            "serviceName": "Posti Pickup Parcel",
            "price": 10.329999999999998,
            "priceVat0": 10.329999999999998,
            "currency": "EUR",
            "pickup": false,
            "deliveryTime": "2 - 2",
            "isPickupLocationMethod": true,
            "isReturnService": false,
            "requiresEmailForRecipient": false,
            "requiresHSTariffCode": false,
            "supportsReturnFreightDoc": true,
            "logo": "https:\/\/apitest.shipit.ax\/images\/carrier-logos\/1.1%20Posti%20logo%20black%20rgb.png"
        },
        {
            "serviceId": "posti.po2352",
            "carrier": "Posti",
            "serviceName": "Posti Home Parcel",
            "price": 19.31,
            "priceVat0": 19.31,
            "currency": "EUR",
            "pickup": false,
            "deliveryTime": "1-2",
            "isPickupLocationMethod": false,
            "isReturnService": false,
            "requiresEmailForRecipient": false,
            "requiresHSTariffCode": false,
            "supportsReturnFreightDoc": false,
            "logo": "https:\/\/apitest.shipit.ax\/images\/carrier-logos\/1.1%20Posti%20logo%20Posti%20Orange%20rgb.png"
        },
        {
            "serviceId": "postnord.p83",
            "carrier": "",
            "serviceName": "PostNord Groupage",
            "price": 68.9,
            "priceVat0": 68.9,
            "currency": "EUR",
            "pickup": true,
            "deliveryTime": "2\u20136",
            "isPickupLocationMethod": false,
            "isReturnService": false,
            "requiresEmailForRecipient": false,
            "requiresHSTariffCode": false,
            "supportsReturnFreightDoc": false,
            "logo": "https:\/\/apitest.shipit.ax\/images\/carrier-logos\/postnord-logotype-rgb.jpg"
        },
        {
            "serviceId": "ups.accespstd",
            "carrier": "UPS",
            "serviceName": "UPS Access Point Standard",
            "price": 12.52,
            "priceVat0": 12.52,
            "currency": "EUR",
            "pickup": false,
            "deliveryTime": "2 - 2",
            "isPickupLocationMethod": true,
            "isReturnService": false,
            "requiresEmailForRecipient": true,
            "requiresHSTariffCode": false,
            "supportsReturnFreightDoc": false,
            "logo": "https:\/\/apitest.shipit.ax\/images\/carrier-logos\/UPS%20Access%20Point.png"
        },
        {
            "serviceId": "ups.upssavp",
            "carrier": "UPS",
            "serviceName": "UPS - Express Saver",
            "price": 30.939999999999998,
            "priceVat0": 30.939999999999998,
            "currency": "EUR",
            "pickup": true,
            "deliveryTime": "1 - 1",
            "isPickupLocationMethod": false,
            "isReturnService": false,
            "requiresEmailForRecipient": false,
            "requiresHSTariffCode": false,
            "supportsReturnFreightDoc": true,
            "logo": "https:\/\/apitest.shipit.ax\/images\/carrier-logos\/laheta_paketit_UPS_kautta.png"
        },
        {
            "serviceId": "ups.upsstdp",
            "carrier": "UPS",
            "serviceName": "UPS - Standard",
            "price": 13.5,
            "priceVat0": 13.5,
            "currency": "EUR",
            "pickup": true,
            "deliveryTime": "2 - 2",
            "isPickupLocationMethod": false,
            "isReturnService": false,
            "requiresEmailForRecipient": false,
            "requiresHSTariffCode": false,
            "supportsReturnFreightDoc": true,
            "logo": "https:\/\/apitest.shipit.ax\/images\/carrier-logos\/laheta_paketit_UPS_kautta.png"
        }
    ]
}